/opt/venv/lib/python3.12/site-packages/torch/cuda/__init__.py:63: FutureWarning: The pynvml package is deprecated. Please install nvidia-ml-py instead. If you did not install pynvml directly, please report this to the maintainers of the package that installed pynvml for you.
  import pynvml  # type: ignore[import]
{
  "canonical_expert_dir": "/output/layer_052/experts",
  "complete": true,
  "device": "cuda:0",
  "expert_count": 256,
  "layer": 52,
  "layer_artifact": {
    "manifest": "/output/layer_052/final/fresh-sqg-layer-052.json",
    "manifest_sha256": "ed6788b968d52e85cc21114beb31f87faaae69f687434975353866e16df8b69e",
    "mcg_tensor_count": 0,
    "shard": "/output/layer_052/final/fresh-sqg-layer-052.safetensors",
    "shard_sha256": "d99b4724e1a1abee234f21a13a1f33b5eb87e35a247f87755aec1de347b8f4ac",
    "sqg_tensor_count": 768
  },
  "publication": {
    "copied": 0,
    "existing_equal": 0,
    "existing_hardlink": 0,
    "hardlinked": 768
  },
  "published_files": 768,
  "source_shard_directories": [
    "experts_000_064",
    "experts_064_128",
    "experts_128_192",
    "experts_192_256"
  ]
}
