/opt/venv/lib/python3.12/site-packages/torch/cuda/__init__.py:63: FutureWarning: The pynvml package is deprecated. Please install nvidia-ml-py instead. If you did not install pynvml directly, please report this to the maintainers of the package that installed pynvml for you.
  import pynvml  # type: ignore[import]
{
  "canonical_expert_dir": "/output/layer_028/experts",
  "complete": true,
  "device": "cuda:0",
  "expert_count": 256,
  "layer": 28,
  "layer_artifact": {
    "manifest": "/output/layer_028/final/fresh-sqg-layer-028.json",
    "manifest_sha256": "581b27541e65ff767678c8e8fe86cabd23c4ea759c96ee4ca108d0485a695136",
    "mcg_tensor_count": 0,
    "shard": "/output/layer_028/final/fresh-sqg-layer-028.safetensors",
    "shard_sha256": "1900cb68cdc1970d84e41a154895927ec694a29153eb4148e58e2c597fcbf17d",
    "sqg_tensor_count": 768
  },
  "publication": {
    "copied": 0,
    "existing_equal": 0,
    "existing_hardlink": 0,
    "hardlinked": 768
  },
  "published_files": 768,
  "source_shard_directories": [
    "experts_000_064",
    "experts_064_128",
    "experts_128_192",
    "experts_192_256"
  ]
}
