/opt/venv/lib/python3.12/site-packages/torch/cuda/__init__.py:63: FutureWarning: The pynvml package is deprecated. Please install nvidia-ml-py instead. If you did not install pynvml directly, please report this to the maintainers of the package that installed pynvml for you.
  import pynvml  # type: ignore[import]
{
  "complete": true,
  "device": "cuda:0",
  "elapsed_seconds": 853.6796639391687,
  "end": 256,
  "expert_count": 64,
  "full_revalidate": false,
  "layer": 52,
  "output_dir": "/output/layer_052/expert_shards/experts_192_256",
  "sealed_fast_resume": true,
  "selection_id": "585f40db7c69b554ff6e915490d6dcd633c996a7121dc2e3d701293484ad4108",
  "selection_sha256": "3e8c425f87ef324683a89c8f750f4a44aaad5e36541fab2499518be07c4247bd",
  "sequence": {
    "complete": true,
    "expert_count": 64,
    "expert_order": [
      192,
      193,
      194,
      195,
      196,
      197,
      198,
      199,
      200,
      201,
      202,
      203,
      204,
      205,
      206,
      207,
      208,
      209,
      210,
      211,
      212,
      213,
      214,
      215,
      216,
      217,
      218,
      219,
      220,
      221,
      222,
      223,
      224,
      225,
      226,
      227,
      228,
      229,
      230,
      231,
      232,
      233,
      234,
      235,
      236,
      237,
      238,
      239,
      240,
      241,
      242,
      243,
      244,
      245,
      246,
      247,
      248,
      249,
      250,
      251,
      252,
      253,
      254,
      255
    ],
    "gate_up_tensor_ids": [
      "model.layers.52.mlp.experts.192.gate_proj",
      "model.layers.52.mlp.experts.192.up_proj",
      "model.layers.52.mlp.experts.193.gate_proj",
      "model.layers.52.mlp.experts.193.up_proj",
      "model.layers.52.mlp.experts.194.gate_proj",
      "model.layers.52.mlp.experts.194.up_proj",
      "model.layers.52.mlp.experts.195.gate_proj",
      "model.layers.52.mlp.experts.195.up_proj",
      "model.layers.52.mlp.experts.196.gate_proj",
      "model.layers.52.mlp.experts.196.up_proj",
      "model.layers.52.mlp.experts.197.gate_proj",
      "model.layers.52.mlp.experts.197.up_proj",
      "model.layers.52.mlp.experts.198.gate_proj",
      "model.layers.52.mlp.experts.198.up_proj",
      "model.layers.52.mlp.experts.199.gate_proj",
      "model.layers.52.mlp.experts.199.up_proj",
      "model.layers.52.mlp.experts.200.gate_proj",
      "model.layers.52.mlp.experts.200.up_proj",
      "model.layers.52.mlp.experts.201.gate_proj",
      "model.layers.52.mlp.experts.201.up_proj",
      "model.layers.52.mlp.experts.202.gate_proj",
      "model.layers.52.mlp.experts.202.up_proj",
      "model.layers.52.mlp.experts.203.gate_proj",
      "model.layers.52.mlp.experts.203.up_proj",
      "model.layers.52.mlp.experts.204.gate_proj",
      "model.layers.52.mlp.experts.204.up_proj",
      "model.layers.52.mlp.experts.205.gate_proj",
      "model.layers.52.mlp.experts.205.up_proj",
      "model.layers.52.mlp.experts.206.gate_proj",
      "model.layers.52.mlp.experts.206.up_proj",
      "model.layers.52.mlp.experts.207.gate_proj",
      "model.layers.52.mlp.experts.207.up_proj",
      "model.layers.52.mlp.experts.208.gate_proj",
      "model.layers.52.mlp.experts.208.up_proj",
      "model.layers.52.mlp.experts.209.gate_proj",
      "model.layers.52.mlp.experts.209.up_proj",
      "model.layers.52.mlp.experts.210.gate_proj",
      "model.layers.52.mlp.experts.210.up_proj",
      "model.layers.52.mlp.experts.211.gate_proj",
      "model.layers.52.mlp.experts.211.up_proj",
      "model.layers.52.mlp.experts.212.gate_proj",
      "model.layers.52.mlp.experts.212.up_proj",
      "model.layers.52.mlp.experts.213.gate_proj",
      "model.layers.52.mlp.experts.213.up_proj",
      "model.layers.52.mlp.experts.214.gate_proj",
      "model.layers.52.mlp.experts.214.up_proj",
      "model.layers.52.mlp.experts.215.gate_proj",
      "model.layers.52.mlp.experts.215.up_proj",
      "model.layers.52.mlp.experts.216.gate_proj",
      "model.layers.52.mlp.experts.216.up_proj",
      "model.layers.52.mlp.experts.217.gate_proj",
      "model.layers.52.mlp.experts.217.up_proj",
      "model.layers.52.mlp.experts.218.gate_proj",
      "model.layers.52.mlp.experts.218.up_proj",
      "model.layers.52.mlp.experts.219.gate_proj",
      "model.layers.52.mlp.experts.219.up_proj",
      "model.layers.52.mlp.experts.220.gate_proj",
      "model.layers.52.mlp.experts.220.up_proj",
      "model.layers.52.mlp.experts.221.gate_proj",
      "model.layers.52.mlp.experts.221.up_proj",
      "model.layers.52.mlp.experts.222.gate_proj",
      "model.layers.52.mlp.experts.222.up_proj",
      "model.layers.52.mlp.experts.223.gate_proj",
      "model.layers.52.mlp.experts.223.up_proj",
      "model.layers.52.mlp.experts.224.gate_proj",
      "model.layers.52.mlp.experts.224.up_proj",
      "model.layers.52.mlp.experts.225.gate_proj",
      "model.layers.52.mlp.experts.225.up_proj",
      "model.layers.52.mlp.experts.226.gate_proj",
      "model.layers.52.mlp.experts.226.up_proj",
      "model.layers.52.mlp.experts.227.gate_proj",
      "model.layers.52.mlp.experts.227.up_proj",
      "model.layers.52.mlp.experts.228.gate_proj",
      "model.layers.52.mlp.experts.228.up_proj",
      "model.layers.52.mlp.experts.229.gate_proj",
      "model.layers.52.mlp.experts.229.up_proj",
      "model.layers.52.mlp.experts.230.gate_proj",
      "model.layers.52.mlp.experts.230.up_proj",
      "model.layers.52.mlp.experts.231.gate_proj",
      "model.layers.52.mlp.experts.231.up_proj",
      "model.layers.52.mlp.experts.232.gate_proj",
      "model.layers.52.mlp.experts.232.up_proj",
      "model.layers.52.mlp.experts.233.gate_proj",
      "model.layers.52.mlp.experts.233.up_proj",
      "model.layers.52.mlp.experts.234.gate_proj",
      "model.layers.52.mlp.experts.234.up_proj",
      "model.layers.52.mlp.experts.235.gate_proj",
      "model.layers.52.mlp.experts.235.up_proj",
      "model.layers.52.mlp.experts.236.gate_proj",
      "model.layers.52.mlp.experts.236.up_proj",
      "model.layers.52.mlp.experts.237.gate_proj",
      "model.layers.52.mlp.experts.237.up_proj",
      "model.layers.52.mlp.experts.238.gate_proj",
      "model.layers.52.mlp.experts.238.up_proj",
      "model.layers.52.mlp.experts.239.gate_proj",
      "model.layers.52.mlp.experts.239.up_proj",
      "model.layers.52.mlp.experts.240.gate_proj",
      "model.layers.52.mlp.experts.240.up_proj",
      "model.layers.52.mlp.experts.241.gate_proj",
      "model.layers.52.mlp.experts.241.up_proj",
      "model.layers.52.mlp.experts.242.gate_proj",
      "model.layers.52.mlp.experts.242.up_proj",
      "model.layers.52.mlp.experts.243.gate_proj",
      "model.layers.52.mlp.experts.243.up_proj",
      "model.layers.52.mlp.experts.244.gate_proj",
      "model.layers.52.mlp.experts.244.up_proj",
      "model.layers.52.mlp.experts.245.gate_proj",
      "model.layers.52.mlp.experts.245.up_proj",
      "model.layers.52.mlp.experts.246.gate_proj",
      "model.layers.52.mlp.experts.246.up_proj",
      "model.layers.52.mlp.experts.247.gate_proj",
      "model.layers.52.mlp.experts.247.up_proj",
      "model.layers.52.mlp.experts.248.gate_proj",
      "model.layers.52.mlp.experts.248.up_proj",
      "model.layers.52.mlp.experts.249.gate_proj",
      "model.layers.52.mlp.experts.249.up_proj",
      "model.layers.52.mlp.experts.250.gate_proj",
      "model.layers.52.mlp.experts.250.up_proj",
      "model.layers.52.mlp.experts.251.gate_proj",
      "model.layers.52.mlp.experts.251.up_proj",
      "model.layers.52.mlp.experts.252.gate_proj",
      "model.layers.52.mlp.experts.252.up_proj",
      "model.layers.52.mlp.experts.253.gate_proj",
      "model.layers.52.mlp.experts.253.up_proj",
      "model.layers.52.mlp.experts.254.gate_proj",
      "model.layers.52.mlp.experts.254.up_proj",
      "model.layers.52.mlp.experts.255.gate_proj",
      "model.layers.52.mlp.experts.255.up_proj"
    ],
    "resume_evidence": null
  },
  "start": 192,
  "threads": 3
}
