/opt/venv/lib/python3.12/site-packages/torch/cuda/__init__.py:63: FutureWarning: The pynvml package is deprecated. Please install nvidia-ml-py instead. If you did not install pynvml directly, please report this to the maintainers of the package that installed pynvml for you.
  import pynvml  # type: ignore[import]
{
  "complete": true,
  "device": "cuda:0",
  "elapsed_seconds": 878.1108204449993,
  "end": 192,
  "expert_count": 64,
  "full_revalidate": false,
  "layer": 28,
  "output_dir": "/output/layer_028/expert_shards/experts_128_192",
  "sealed_fast_resume": true,
  "selection_id": "ec33c264acbcdbff26713efcd05ec3db641cbd0655dc090c0be860b41dda8e16",
  "selection_sha256": "9cb57d9bce6537d74eefc9a253e6b7d864751a51cb593286279196f1d006e6eb",
  "sequence": {
    "complete": true,
    "expert_count": 64,
    "expert_order": [
      128,
      129,
      130,
      131,
      132,
      133,
      134,
      135,
      136,
      137,
      138,
      139,
      140,
      141,
      142,
      143,
      144,
      145,
      146,
      147,
      148,
      149,
      150,
      151,
      152,
      153,
      154,
      155,
      156,
      157,
      158,
      159,
      160,
      161,
      162,
      163,
      164,
      165,
      166,
      167,
      168,
      169,
      170,
      171,
      172,
      173,
      174,
      175,
      176,
      177,
      178,
      179,
      180,
      181,
      182,
      183,
      184,
      185,
      186,
      187,
      188,
      189,
      190,
      191
    ],
    "gate_up_tensor_ids": [
      "model.layers.28.mlp.experts.128.gate_proj",
      "model.layers.28.mlp.experts.128.up_proj",
      "model.layers.28.mlp.experts.129.gate_proj",
      "model.layers.28.mlp.experts.129.up_proj",
      "model.layers.28.mlp.experts.130.gate_proj",
      "model.layers.28.mlp.experts.130.up_proj",
      "model.layers.28.mlp.experts.131.gate_proj",
      "model.layers.28.mlp.experts.131.up_proj",
      "model.layers.28.mlp.experts.132.gate_proj",
      "model.layers.28.mlp.experts.132.up_proj",
      "model.layers.28.mlp.experts.133.gate_proj",
      "model.layers.28.mlp.experts.133.up_proj",
      "model.layers.28.mlp.experts.134.gate_proj",
      "model.layers.28.mlp.experts.134.up_proj",
      "model.layers.28.mlp.experts.135.gate_proj",
      "model.layers.28.mlp.experts.135.up_proj",
      "model.layers.28.mlp.experts.136.gate_proj",
      "model.layers.28.mlp.experts.136.up_proj",
      "model.layers.28.mlp.experts.137.gate_proj",
      "model.layers.28.mlp.experts.137.up_proj",
      "model.layers.28.mlp.experts.138.gate_proj",
      "model.layers.28.mlp.experts.138.up_proj",
      "model.layers.28.mlp.experts.139.gate_proj",
      "model.layers.28.mlp.experts.139.up_proj",
      "model.layers.28.mlp.experts.140.gate_proj",
      "model.layers.28.mlp.experts.140.up_proj",
      "model.layers.28.mlp.experts.141.gate_proj",
      "model.layers.28.mlp.experts.141.up_proj",
      "model.layers.28.mlp.experts.142.gate_proj",
      "model.layers.28.mlp.experts.142.up_proj",
      "model.layers.28.mlp.experts.143.gate_proj",
      "model.layers.28.mlp.experts.143.up_proj",
      "model.layers.28.mlp.experts.144.gate_proj",
      "model.layers.28.mlp.experts.144.up_proj",
      "model.layers.28.mlp.experts.145.gate_proj",
      "model.layers.28.mlp.experts.145.up_proj",
      "model.layers.28.mlp.experts.146.gate_proj",
      "model.layers.28.mlp.experts.146.up_proj",
      "model.layers.28.mlp.experts.147.gate_proj",
      "model.layers.28.mlp.experts.147.up_proj",
      "model.layers.28.mlp.experts.148.gate_proj",
      "model.layers.28.mlp.experts.148.up_proj",
      "model.layers.28.mlp.experts.149.gate_proj",
      "model.layers.28.mlp.experts.149.up_proj",
      "model.layers.28.mlp.experts.150.gate_proj",
      "model.layers.28.mlp.experts.150.up_proj",
      "model.layers.28.mlp.experts.151.gate_proj",
      "model.layers.28.mlp.experts.151.up_proj",
      "model.layers.28.mlp.experts.152.gate_proj",
      "model.layers.28.mlp.experts.152.up_proj",
      "model.layers.28.mlp.experts.153.gate_proj",
      "model.layers.28.mlp.experts.153.up_proj",
      "model.layers.28.mlp.experts.154.gate_proj",
      "model.layers.28.mlp.experts.154.up_proj",
      "model.layers.28.mlp.experts.155.gate_proj",
      "model.layers.28.mlp.experts.155.up_proj",
      "model.layers.28.mlp.experts.156.gate_proj",
      "model.layers.28.mlp.experts.156.up_proj",
      "model.layers.28.mlp.experts.157.gate_proj",
      "model.layers.28.mlp.experts.157.up_proj",
      "model.layers.28.mlp.experts.158.gate_proj",
      "model.layers.28.mlp.experts.158.up_proj",
      "model.layers.28.mlp.experts.159.gate_proj",
      "model.layers.28.mlp.experts.159.up_proj",
      "model.layers.28.mlp.experts.160.gate_proj",
      "model.layers.28.mlp.experts.160.up_proj",
      "model.layers.28.mlp.experts.161.gate_proj",
      "model.layers.28.mlp.experts.161.up_proj",
      "model.layers.28.mlp.experts.162.gate_proj",
      "model.layers.28.mlp.experts.162.up_proj",
      "model.layers.28.mlp.experts.163.gate_proj",
      "model.layers.28.mlp.experts.163.up_proj",
      "model.layers.28.mlp.experts.164.gate_proj",
      "model.layers.28.mlp.experts.164.up_proj",
      "model.layers.28.mlp.experts.165.gate_proj",
      "model.layers.28.mlp.experts.165.up_proj",
      "model.layers.28.mlp.experts.166.gate_proj",
      "model.layers.28.mlp.experts.166.up_proj",
      "model.layers.28.mlp.experts.167.gate_proj",
      "model.layers.28.mlp.experts.167.up_proj",
      "model.layers.28.mlp.experts.168.gate_proj",
      "model.layers.28.mlp.experts.168.up_proj",
      "model.layers.28.mlp.experts.169.gate_proj",
      "model.layers.28.mlp.experts.169.up_proj",
      "model.layers.28.mlp.experts.170.gate_proj",
      "model.layers.28.mlp.experts.170.up_proj",
      "model.layers.28.mlp.experts.171.gate_proj",
      "model.layers.28.mlp.experts.171.up_proj",
      "model.layers.28.mlp.experts.172.gate_proj",
      "model.layers.28.mlp.experts.172.up_proj",
      "model.layers.28.mlp.experts.173.gate_proj",
      "model.layers.28.mlp.experts.173.up_proj",
      "model.layers.28.mlp.experts.174.gate_proj",
      "model.layers.28.mlp.experts.174.up_proj",
      "model.layers.28.mlp.experts.175.gate_proj",
      "model.layers.28.mlp.experts.175.up_proj",
      "model.layers.28.mlp.experts.176.gate_proj",
      "model.layers.28.mlp.experts.176.up_proj",
      "model.layers.28.mlp.experts.177.gate_proj",
      "model.layers.28.mlp.experts.177.up_proj",
      "model.layers.28.mlp.experts.178.gate_proj",
      "model.layers.28.mlp.experts.178.up_proj",
      "model.layers.28.mlp.experts.179.gate_proj",
      "model.layers.28.mlp.experts.179.up_proj",
      "model.layers.28.mlp.experts.180.gate_proj",
      "model.layers.28.mlp.experts.180.up_proj",
      "model.layers.28.mlp.experts.181.gate_proj",
      "model.layers.28.mlp.experts.181.up_proj",
      "model.layers.28.mlp.experts.182.gate_proj",
      "model.layers.28.mlp.experts.182.up_proj",
      "model.layers.28.mlp.experts.183.gate_proj",
      "model.layers.28.mlp.experts.183.up_proj",
      "model.layers.28.mlp.experts.184.gate_proj",
      "model.layers.28.mlp.experts.184.up_proj",
      "model.layers.28.mlp.experts.185.gate_proj",
      "model.layers.28.mlp.experts.185.up_proj",
      "model.layers.28.mlp.experts.186.gate_proj",
      "model.layers.28.mlp.experts.186.up_proj",
      "model.layers.28.mlp.experts.187.gate_proj",
      "model.layers.28.mlp.experts.187.up_proj",
      "model.layers.28.mlp.experts.188.gate_proj",
      "model.layers.28.mlp.experts.188.up_proj",
      "model.layers.28.mlp.experts.189.gate_proj",
      "model.layers.28.mlp.experts.189.up_proj",
      "model.layers.28.mlp.experts.190.gate_proj",
      "model.layers.28.mlp.experts.190.up_proj",
      "model.layers.28.mlp.experts.191.gate_proj",
      "model.layers.28.mlp.experts.191.up_proj"
    ],
    "resume_evidence": null
  },
  "start": 128,
  "threads": 3
}
