/opt/venv/lib/python3.12/site-packages/torch/cuda/__init__.py:63: FutureWarning: The pynvml package is deprecated. Please install nvidia-ml-py instead. If you did not install pynvml directly, please report this to the maintainers of the package that installed pynvml for you.
  import pynvml  # type: ignore[import]
{
  "complete": true,
  "device": "cuda:0",
  "elapsed_seconds": 907.0738688958809,
  "end": 64,
  "expert_count": 64,
  "full_revalidate": false,
  "layer": 6,
  "output_dir": "/output/layer_006/expert_shards/experts_000_064",
  "sealed_fast_resume": true,
  "selection_id": "1ed0c8b4919d067377bbe5f64ac34390b96bf3f2988e6fcce5cd9c8349f202f6",
  "selection_sha256": "b7ca81f5f378f0705307ef1689c8ec738dce29b1ec46e6cc5162ff19e1914334",
  "sequence": {
    "complete": true,
    "expert_count": 64,
    "expert_order": [
      0,
      1,
      2,
      3,
      4,
      5,
      6,
      7,
      8,
      9,
      10,
      11,
      12,
      13,
      14,
      15,
      16,
      17,
      18,
      19,
      20,
      21,
      22,
      23,
      24,
      25,
      26,
      27,
      28,
      29,
      30,
      31,
      32,
      33,
      34,
      35,
      36,
      37,
      38,
      39,
      40,
      41,
      42,
      43,
      44,
      45,
      46,
      47,
      48,
      49,
      50,
      51,
      52,
      53,
      54,
      55,
      56,
      57,
      58,
      59,
      60,
      61,
      62,
      63
    ],
    "gate_up_tensor_ids": [
      "model.layers.6.mlp.experts.0.gate_proj",
      "model.layers.6.mlp.experts.0.up_proj",
      "model.layers.6.mlp.experts.1.gate_proj",
      "model.layers.6.mlp.experts.1.up_proj",
      "model.layers.6.mlp.experts.2.gate_proj",
      "model.layers.6.mlp.experts.2.up_proj",
      "model.layers.6.mlp.experts.3.gate_proj",
      "model.layers.6.mlp.experts.3.up_proj",
      "model.layers.6.mlp.experts.4.gate_proj",
      "model.layers.6.mlp.experts.4.up_proj",
      "model.layers.6.mlp.experts.5.gate_proj",
      "model.layers.6.mlp.experts.5.up_proj",
      "model.layers.6.mlp.experts.6.gate_proj",
      "model.layers.6.mlp.experts.6.up_proj",
      "model.layers.6.mlp.experts.7.gate_proj",
      "model.layers.6.mlp.experts.7.up_proj",
      "model.layers.6.mlp.experts.8.gate_proj",
      "model.layers.6.mlp.experts.8.up_proj",
      "model.layers.6.mlp.experts.9.gate_proj",
      "model.layers.6.mlp.experts.9.up_proj",
      "model.layers.6.mlp.experts.10.gate_proj",
      "model.layers.6.mlp.experts.10.up_proj",
      "model.layers.6.mlp.experts.11.gate_proj",
      "model.layers.6.mlp.experts.11.up_proj",
      "model.layers.6.mlp.experts.12.gate_proj",
      "model.layers.6.mlp.experts.12.up_proj",
      "model.layers.6.mlp.experts.13.gate_proj",
      "model.layers.6.mlp.experts.13.up_proj",
      "model.layers.6.mlp.experts.14.gate_proj",
      "model.layers.6.mlp.experts.14.up_proj",
      "model.layers.6.mlp.experts.15.gate_proj",
      "model.layers.6.mlp.experts.15.up_proj",
      "model.layers.6.mlp.experts.16.gate_proj",
      "model.layers.6.mlp.experts.16.up_proj",
      "model.layers.6.mlp.experts.17.gate_proj",
      "model.layers.6.mlp.experts.17.up_proj",
      "model.layers.6.mlp.experts.18.gate_proj",
      "model.layers.6.mlp.experts.18.up_proj",
      "model.layers.6.mlp.experts.19.gate_proj",
      "model.layers.6.mlp.experts.19.up_proj",
      "model.layers.6.mlp.experts.20.gate_proj",
      "model.layers.6.mlp.experts.20.up_proj",
      "model.layers.6.mlp.experts.21.gate_proj",
      "model.layers.6.mlp.experts.21.up_proj",
      "model.layers.6.mlp.experts.22.gate_proj",
      "model.layers.6.mlp.experts.22.up_proj",
      "model.layers.6.mlp.experts.23.gate_proj",
      "model.layers.6.mlp.experts.23.up_proj",
      "model.layers.6.mlp.experts.24.gate_proj",
      "model.layers.6.mlp.experts.24.up_proj",
      "model.layers.6.mlp.experts.25.gate_proj",
      "model.layers.6.mlp.experts.25.up_proj",
      "model.layers.6.mlp.experts.26.gate_proj",
      "model.layers.6.mlp.experts.26.up_proj",
      "model.layers.6.mlp.experts.27.gate_proj",
      "model.layers.6.mlp.experts.27.up_proj",
      "model.layers.6.mlp.experts.28.gate_proj",
      "model.layers.6.mlp.experts.28.up_proj",
      "model.layers.6.mlp.experts.29.gate_proj",
      "model.layers.6.mlp.experts.29.up_proj",
      "model.layers.6.mlp.experts.30.gate_proj",
      "model.layers.6.mlp.experts.30.up_proj",
      "model.layers.6.mlp.experts.31.gate_proj",
      "model.layers.6.mlp.experts.31.up_proj",
      "model.layers.6.mlp.experts.32.gate_proj",
      "model.layers.6.mlp.experts.32.up_proj",
      "model.layers.6.mlp.experts.33.gate_proj",
      "model.layers.6.mlp.experts.33.up_proj",
      "model.layers.6.mlp.experts.34.gate_proj",
      "model.layers.6.mlp.experts.34.up_proj",
      "model.layers.6.mlp.experts.35.gate_proj",
      "model.layers.6.mlp.experts.35.up_proj",
      "model.layers.6.mlp.experts.36.gate_proj",
      "model.layers.6.mlp.experts.36.up_proj",
      "model.layers.6.mlp.experts.37.gate_proj",
      "model.layers.6.mlp.experts.37.up_proj",
      "model.layers.6.mlp.experts.38.gate_proj",
      "model.layers.6.mlp.experts.38.up_proj",
      "model.layers.6.mlp.experts.39.gate_proj",
      "model.layers.6.mlp.experts.39.up_proj",
      "model.layers.6.mlp.experts.40.gate_proj",
      "model.layers.6.mlp.experts.40.up_proj",
      "model.layers.6.mlp.experts.41.gate_proj",
      "model.layers.6.mlp.experts.41.up_proj",
      "model.layers.6.mlp.experts.42.gate_proj",
      "model.layers.6.mlp.experts.42.up_proj",
      "model.layers.6.mlp.experts.43.gate_proj",
      "model.layers.6.mlp.experts.43.up_proj",
      "model.layers.6.mlp.experts.44.gate_proj",
      "model.layers.6.mlp.experts.44.up_proj",
      "model.layers.6.mlp.experts.45.gate_proj",
      "model.layers.6.mlp.experts.45.up_proj",
      "model.layers.6.mlp.experts.46.gate_proj",
      "model.layers.6.mlp.experts.46.up_proj",
      "model.layers.6.mlp.experts.47.gate_proj",
      "model.layers.6.mlp.experts.47.up_proj",
      "model.layers.6.mlp.experts.48.gate_proj",
      "model.layers.6.mlp.experts.48.up_proj",
      "model.layers.6.mlp.experts.49.gate_proj",
      "model.layers.6.mlp.experts.49.up_proj",
      "model.layers.6.mlp.experts.50.gate_proj",
      "model.layers.6.mlp.experts.50.up_proj",
      "model.layers.6.mlp.experts.51.gate_proj",
      "model.layers.6.mlp.experts.51.up_proj",
      "model.layers.6.mlp.experts.52.gate_proj",
      "model.layers.6.mlp.experts.52.up_proj",
      "model.layers.6.mlp.experts.53.gate_proj",
      "model.layers.6.mlp.experts.53.up_proj",
      "model.layers.6.mlp.experts.54.gate_proj",
      "model.layers.6.mlp.experts.54.up_proj",
      "model.layers.6.mlp.experts.55.gate_proj",
      "model.layers.6.mlp.experts.55.up_proj",
      "model.layers.6.mlp.experts.56.gate_proj",
      "model.layers.6.mlp.experts.56.up_proj",
      "model.layers.6.mlp.experts.57.gate_proj",
      "model.layers.6.mlp.experts.57.up_proj",
      "model.layers.6.mlp.experts.58.gate_proj",
      "model.layers.6.mlp.experts.58.up_proj",
      "model.layers.6.mlp.experts.59.gate_proj",
      "model.layers.6.mlp.experts.59.up_proj",
      "model.layers.6.mlp.experts.60.gate_proj",
      "model.layers.6.mlp.experts.60.up_proj",
      "model.layers.6.mlp.experts.61.gate_proj",
      "model.layers.6.mlp.experts.61.up_proj",
      "model.layers.6.mlp.experts.62.gate_proj",
      "model.layers.6.mlp.experts.62.up_proj",
      "model.layers.6.mlp.experts.63.gate_proj",
      "model.layers.6.mlp.experts.63.up_proj"
    ],
    "resume_evidence": null
  },
  "start": 0,
  "threads": 3
}
