/opt/venv/lib/python3.12/site-packages/torch/cuda/__init__.py:63: FutureWarning: The pynvml package is deprecated. Please install nvidia-ml-py instead. If you did not install pynvml directly, please report this to the maintainers of the package that installed pynvml for you.
  import pynvml  # type: ignore[import]
{
  "complete": true,
  "device": "cuda:0",
  "elapsed_seconds": 869.1200529690832,
  "end": 128,
  "expert_count": 64,
  "full_revalidate": false,
  "layer": 28,
  "output_dir": "/output/layer_028/expert_shards/experts_064_128",
  "sealed_fast_resume": true,
  "selection_id": "ec33c264acbcdbff26713efcd05ec3db641cbd0655dc090c0be860b41dda8e16",
  "selection_sha256": "9cb57d9bce6537d74eefc9a253e6b7d864751a51cb593286279196f1d006e6eb",
  "sequence": {
    "complete": true,
    "expert_count": 64,
    "expert_order": [
      64,
      65,
      66,
      67,
      68,
      69,
      70,
      71,
      72,
      73,
      74,
      75,
      76,
      77,
      78,
      79,
      80,
      81,
      82,
      83,
      84,
      85,
      86,
      87,
      88,
      89,
      90,
      91,
      92,
      93,
      94,
      95,
      96,
      97,
      98,
      99,
      100,
      101,
      102,
      103,
      104,
      105,
      106,
      107,
      108,
      109,
      110,
      111,
      112,
      113,
      114,
      115,
      116,
      117,
      118,
      119,
      120,
      121,
      122,
      123,
      124,
      125,
      126,
      127
    ],
    "gate_up_tensor_ids": [
      "model.layers.28.mlp.experts.64.gate_proj",
      "model.layers.28.mlp.experts.64.up_proj",
      "model.layers.28.mlp.experts.65.gate_proj",
      "model.layers.28.mlp.experts.65.up_proj",
      "model.layers.28.mlp.experts.66.gate_proj",
      "model.layers.28.mlp.experts.66.up_proj",
      "model.layers.28.mlp.experts.67.gate_proj",
      "model.layers.28.mlp.experts.67.up_proj",
      "model.layers.28.mlp.experts.68.gate_proj",
      "model.layers.28.mlp.experts.68.up_proj",
      "model.layers.28.mlp.experts.69.gate_proj",
      "model.layers.28.mlp.experts.69.up_proj",
      "model.layers.28.mlp.experts.70.gate_proj",
      "model.layers.28.mlp.experts.70.up_proj",
      "model.layers.28.mlp.experts.71.gate_proj",
      "model.layers.28.mlp.experts.71.up_proj",
      "model.layers.28.mlp.experts.72.gate_proj",
      "model.layers.28.mlp.experts.72.up_proj",
      "model.layers.28.mlp.experts.73.gate_proj",
      "model.layers.28.mlp.experts.73.up_proj",
      "model.layers.28.mlp.experts.74.gate_proj",
      "model.layers.28.mlp.experts.74.up_proj",
      "model.layers.28.mlp.experts.75.gate_proj",
      "model.layers.28.mlp.experts.75.up_proj",
      "model.layers.28.mlp.experts.76.gate_proj",
      "model.layers.28.mlp.experts.76.up_proj",
      "model.layers.28.mlp.experts.77.gate_proj",
      "model.layers.28.mlp.experts.77.up_proj",
      "model.layers.28.mlp.experts.78.gate_proj",
      "model.layers.28.mlp.experts.78.up_proj",
      "model.layers.28.mlp.experts.79.gate_proj",
      "model.layers.28.mlp.experts.79.up_proj",
      "model.layers.28.mlp.experts.80.gate_proj",
      "model.layers.28.mlp.experts.80.up_proj",
      "model.layers.28.mlp.experts.81.gate_proj",
      "model.layers.28.mlp.experts.81.up_proj",
      "model.layers.28.mlp.experts.82.gate_proj",
      "model.layers.28.mlp.experts.82.up_proj",
      "model.layers.28.mlp.experts.83.gate_proj",
      "model.layers.28.mlp.experts.83.up_proj",
      "model.layers.28.mlp.experts.84.gate_proj",
      "model.layers.28.mlp.experts.84.up_proj",
      "model.layers.28.mlp.experts.85.gate_proj",
      "model.layers.28.mlp.experts.85.up_proj",
      "model.layers.28.mlp.experts.86.gate_proj",
      "model.layers.28.mlp.experts.86.up_proj",
      "model.layers.28.mlp.experts.87.gate_proj",
      "model.layers.28.mlp.experts.87.up_proj",
      "model.layers.28.mlp.experts.88.gate_proj",
      "model.layers.28.mlp.experts.88.up_proj",
      "model.layers.28.mlp.experts.89.gate_proj",
      "model.layers.28.mlp.experts.89.up_proj",
      "model.layers.28.mlp.experts.90.gate_proj",
      "model.layers.28.mlp.experts.90.up_proj",
      "model.layers.28.mlp.experts.91.gate_proj",
      "model.layers.28.mlp.experts.91.up_proj",
      "model.layers.28.mlp.experts.92.gate_proj",
      "model.layers.28.mlp.experts.92.up_proj",
      "model.layers.28.mlp.experts.93.gate_proj",
      "model.layers.28.mlp.experts.93.up_proj",
      "model.layers.28.mlp.experts.94.gate_proj",
      "model.layers.28.mlp.experts.94.up_proj",
      "model.layers.28.mlp.experts.95.gate_proj",
      "model.layers.28.mlp.experts.95.up_proj",
      "model.layers.28.mlp.experts.96.gate_proj",
      "model.layers.28.mlp.experts.96.up_proj",
      "model.layers.28.mlp.experts.97.gate_proj",
      "model.layers.28.mlp.experts.97.up_proj",
      "model.layers.28.mlp.experts.98.gate_proj",
      "model.layers.28.mlp.experts.98.up_proj",
      "model.layers.28.mlp.experts.99.gate_proj",
      "model.layers.28.mlp.experts.99.up_proj",
      "model.layers.28.mlp.experts.100.gate_proj",
      "model.layers.28.mlp.experts.100.up_proj",
      "model.layers.28.mlp.experts.101.gate_proj",
      "model.layers.28.mlp.experts.101.up_proj",
      "model.layers.28.mlp.experts.102.gate_proj",
      "model.layers.28.mlp.experts.102.up_proj",
      "model.layers.28.mlp.experts.103.gate_proj",
      "model.layers.28.mlp.experts.103.up_proj",
      "model.layers.28.mlp.experts.104.gate_proj",
      "model.layers.28.mlp.experts.104.up_proj",
      "model.layers.28.mlp.experts.105.gate_proj",
      "model.layers.28.mlp.experts.105.up_proj",
      "model.layers.28.mlp.experts.106.gate_proj",
      "model.layers.28.mlp.experts.106.up_proj",
      "model.layers.28.mlp.experts.107.gate_proj",
      "model.layers.28.mlp.experts.107.up_proj",
      "model.layers.28.mlp.experts.108.gate_proj",
      "model.layers.28.mlp.experts.108.up_proj",
      "model.layers.28.mlp.experts.109.gate_proj",
      "model.layers.28.mlp.experts.109.up_proj",
      "model.layers.28.mlp.experts.110.gate_proj",
      "model.layers.28.mlp.experts.110.up_proj",
      "model.layers.28.mlp.experts.111.gate_proj",
      "model.layers.28.mlp.experts.111.up_proj",
      "model.layers.28.mlp.experts.112.gate_proj",
      "model.layers.28.mlp.experts.112.up_proj",
      "model.layers.28.mlp.experts.113.gate_proj",
      "model.layers.28.mlp.experts.113.up_proj",
      "model.layers.28.mlp.experts.114.gate_proj",
      "model.layers.28.mlp.experts.114.up_proj",
      "model.layers.28.mlp.experts.115.gate_proj",
      "model.layers.28.mlp.experts.115.up_proj",
      "model.layers.28.mlp.experts.116.gate_proj",
      "model.layers.28.mlp.experts.116.up_proj",
      "model.layers.28.mlp.experts.117.gate_proj",
      "model.layers.28.mlp.experts.117.up_proj",
      "model.layers.28.mlp.experts.118.gate_proj",
      "model.layers.28.mlp.experts.118.up_proj",
      "model.layers.28.mlp.experts.119.gate_proj",
      "model.layers.28.mlp.experts.119.up_proj",
      "model.layers.28.mlp.experts.120.gate_proj",
      "model.layers.28.mlp.experts.120.up_proj",
      "model.layers.28.mlp.experts.121.gate_proj",
      "model.layers.28.mlp.experts.121.up_proj",
      "model.layers.28.mlp.experts.122.gate_proj",
      "model.layers.28.mlp.experts.122.up_proj",
      "model.layers.28.mlp.experts.123.gate_proj",
      "model.layers.28.mlp.experts.123.up_proj",
      "model.layers.28.mlp.experts.124.gate_proj",
      "model.layers.28.mlp.experts.124.up_proj",
      "model.layers.28.mlp.experts.125.gate_proj",
      "model.layers.28.mlp.experts.125.up_proj",
      "model.layers.28.mlp.experts.126.gate_proj",
      "model.layers.28.mlp.experts.126.up_proj",
      "model.layers.28.mlp.experts.127.gate_proj",
      "model.layers.28.mlp.experts.127.up_proj"
    ],
    "resume_evidence": null
  },
  "start": 64,
  "threads": 3
}
