/opt/venv/lib/python3.12/site-packages/torch/cuda/__init__.py:63: FutureWarning: The pynvml package is deprecated. Please install nvidia-ml-py instead. If you did not install pynvml directly, please report this to the maintainers of the package that installed pynvml for you.
  import pynvml  # type: ignore[import]
{
  "candidate": {
    "candidate": "/home/brandonmusic/models/GLM-5.2-EXL3-TR3v4-3.5bpw-SQG-H13E-OAS-r1",
    "candidate_manifest_id": "f2b0428603a0569eef9287d2a55c544ae892c86df797ab4d12d3cab94e3ac01f",
    "candidate_manifest_sha256": "50afcdbfd9c23f17a78fa8a268107b95f809a959ca05a5e87dbc6830e97714e7",
    "construction_exclusions": {
      "mcg_decoded_weight_reads": 0,
      "mcg_encoder_seeds": 0,
      "mcg_payload_bytes": 0,
      "mcg_permutations": 0,
      "mcg_scale_vectors": 0,
      "mcg_transform_vectors": 0,
      "stale_per_tensor_shared_side_scales": 0
    },
    "global_unselected_layer_codebook": "mcg",
    "layers": [
      {
        "bit_histogram": {
          "3": 384,
          "4": 384,
          "5": 0
        },
        "bit_map_matches_sanitized_contract": true,
        "layer": 6,
        "mcg_markers": 0,
        "sqg_markers": 768,
        "trellis_tensors": 768
      },
      {
        "bit_histogram": {
          "3": 384,
          "4": 384,
          "5": 0
        },
        "bit_map_matches_sanitized_contract": true,
        "layer": 28,
        "mcg_markers": 0,
        "sqg_markers": 768,
        "trellis_tensors": 768
      },
      {
        "bit_histogram": {
          "3": 384,
          "4": 384,
          "5": 0
        },
        "bit_map_matches_sanitized_contract": true,
        "layer": 52,
        "mcg_markers": 0,
        "sqg_markers": 768,
        "trellis_tensors": 768
      },
      {
        "bit_histogram": {
          "3": 384,
          "4": 384,
          "5": 0
        },
        "bit_map_matches_sanitized_contract": true,
        "layer": 77,
        "mcg_markers": 0,
        "sqg_markers": 768,
        "trellis_tensors": 768
      }
    ],
    "marker_payloads_verified": true,
    "protected_source": "/home/brandonmusic/models/GLM-5.2-EXL3-TR3v4-3.5bpw-CORRECTED",
    "run_seal_id": "66e4c66ac173a1a62502f43c7a800c7684b261afc3c0b7710eb3f938810684a3",
    "run_seal_sha256": "4f491e023e05b276fe1f1ff28be59c475e802c320389e6b3336c5240b18fa85a",
    "runtime_allowlist_file_count": 240,
    "sanitized_bit_contract": {
      "only_inherited_quantization_control": "per-tensor K3/K4 assignment",
      "path": "/work/contracts/frozen_bit_allocations.json",
      "schema": "glm52-fresh-sqg-frozen-per-tensor-bit-allocation-v1",
      "sha256": "1fe5a065ef31c2e4c27589415b87bb77a91f095c55eaf4594807ca22645dab33"
    },
    "schema": "glm52-pure-sqg-four-layer-preflight-v2",
    "selected_layer_codebook": "sqg_xor_cheb_t12",
    "selected_layers": [
      6,
      28,
      52,
      77
    ],
    "selected_legacy_inodes_reused": 0,
    "selected_mcg_markers": 0,
    "selected_payload_hashes_verified": true,
    "selected_sqg_markers": 3072,
    "selected_trellis_tensors": 3072,
    "source_bytes_mutated": false,
    "sqg_marker": {
      "int32": 1397835569,
      "suffix": ".sqg"
    },
    "sqg_markers_outside_selected_layers": 0,
    "tensor_overrides": {},
    "verified_marker_present": true
  },
  "copied_sqg_payload_validation_performed": true,
  "current_teacher_check": {
    "all_file_bytes_sha256_validated": false,
    "index_declared_tensor_bytes": 342661251548,
    "index_weight_count": 187580,
    "loader_identity_count": 8,
    "loader_sidecar_count": 75,
    "non_payload_file_bytes_sha256_validated": true,
    "payload_bytes": 342683459652,
    "payload_count": 156,
    "receipt_sha256": "eb88fcd2bf66b0cfef195a232d9b81efcb107c400381b22c913a2c738413479e",
    "schema": "glm52-r33-teacher-identity-validation-v1",
    "seal_sha256": "e256a8c5c6e3734e47da61ecb7649bee596091178981ded0bbc00b69c50b766a",
    "total_bytes": 343070719678,
    "total_file_count": 239,
    "verification_mode": "metadata"
  },
  "directional_test_fast": true,
  "full_teacher_rehash_performed": false,
  "pre_copy_layer_payload_rehash_performed": false
}
