╭──────────────────────────── NVIDIA P2P Override ─────────────────────────────╮
│ Effective: yes                                                               │
│ Configured file: yes (/etc/modprobe.d/nvidia-p2p-override.conf)              │
│ Runtime: ForceP2P=0x11; RMForceP2PType=1; RMPcieP2PType=2;                   │
│ GrdmaPciTopoCheckOverride=1; EnableResizableBar=1; DmaRemapPeerMmio=1        │
╰──────────────────────────────────────────────────────────────────────────────╯
╭─────────────────────────────── Configuration ────────────────────────────────╮
│ LAVD Context Consistency Test                                                │
│ Model: GLM-5.2-SQG-Coupled-K96Tail @ localhost:8000                          │
│ Prompt: profile:lavd-test                                                    │
│ Concurrency: 5                                                               │
│ Measured runs: 5 | Max tokens: 80000                                         │
│ Scoring: EXACT / NEAR / FAIL numeric pair                                    │
╰──────────────────────────────────────────────────────────────────────────────╯

╭────────────────────────────── Completion Stats ──────────────────────────────╮
│ LAVD Context Consistency Test                                                │
│ Arithmetic is intentionally simple; the test checks whether the model keeps  │
│ a long structured context consistent, finds human data-entry errors, applies │
│ the repair rule, and returns the final ticket count and hours. Built-in      │
│ profile run at fixed concurrency C=5.                                        │
╰──────────────────────────────────────────────────────────────────────────────╯
Profile                               
╭────────────────┬───────────────────╮
│ field          │ value             │
├────────────────┼───────────────────┤
│ profile        │ lavd-test         │
│ prompt         │ profile:lavd-test │
│ prompt chars   │ 48,302            │
│ requested runs │ 5                 │
│ concurrency    │ 5                 │
│ max tokens     │ 80000             │
│ scoring        │ ledger_lavd       │
│ expected       │ 72, 46            │
│ prompt sha256  │ 5c83674d5f0fd2a7  │
│ dataset sha256 │ 612f8041bbca048c  │
╰────────────────┴───────────────────╯
╭───────────────────────── Whole-run GPU Power ──────────────────────────╮
│ avg 1,070 W | max 1,082 W | limit 1,150 W | over 13m 49s | 343 samples │
╰────────────────────────────────────────────────────────────────────────╯
Concurrency Results                                                             
╭───┬──────┬────────────────────┬────┬─────────┬────────┬──────────┬───────┬───╮
│ … │ don… │              score │ s… │ output… │ outpu… │ aggrega… │ avg … │ … │
├───┼──────┼────────────────────┼────┼─────────┼────────┼──────────┼───────┼───┤
│ 5 │  5/5 │ EXACT 4 / NEAR 1 … │ ★… │  17,738 │ 18,310 │     22.1 │ 768.6 │ … │
╰───┴──────┴────────────────────┴────┴─────────┴────────┴──────────┴───────┴───╯
Selected C=5                                              
╭────────────────────────────┬───────────────────────────╮
│ metric                     │                     value │
├────────────────────────────┼───────────────────────────┤
│ completed                  │                       5/5 │
│ score                      │ EXACT 4 / NEAR 1 / FAIL 0 │
│ stars                      │             ★★★★★★★★☆☆ 👍 │
│ hit max_tokens             │                         0 │
│ completion tokens avg      │                    16,682 │
│ completion tokens p50      │                    17,738 │
│ completion tokens p90      │                    18,310 │
│ completion tokens p99      │                    18,448 │
│ elapsed avg                │                    768.6s │
│ TTFT avg                   │                    15.05s │
│ aggregate gen tok/s        │                      22.1 │
│ mean per-request gen tok/s │                      22.1 │
╰────────────────────────────┴───────────────────────────╯
Interpretation: EXACT means the parsed final numeric pair is exactly 72, 46.0. 
NEAR means both count and hours are within the configured tolerance; FAIL means 
the answer was unparseable or outside tolerance. The 10-slot quality bar is a 
rounded distribution: ★=EXACT, ☆=NEAR, ✕=FAIL.

Results saved to 
/home/brandonmusic/KLC_SANDBOXES/ii-r11-k96-runtime/results/qualification-5x/exa
ct-r11-tp4dcp4mtp3-20260815T084427Z/lavd-c5-r5.json
